// Jest Snapshot v1, https://goo.gl/fbAQLP

exports[`ArcGraph computes correct data with memoization 1`] = `
Object {
  "links": Array [
    Object {
      "direction": 0,
      "from": 1,
      "fromIndex": -1,
      "index": 0,
      "pad": 2,
      "side": 1,
      "to": 3,
      "toIndex": -1,
    },
    Object {
      "direction": 0,
      "from": 2,
      "fromIndex": -1,
      "index": 1,
      "pad": 2,
      "side": 1,
      "to": 3,
      "toIndex": -1,
    },
    Object {
      "direction": 0,
      "from": 3,
      "fromIndex": -1,
      "index": 2,
      "pad": 2,
      "side": 1,
      "to": 8,
      "toIndex": -1,
    },
    Object {
      "direction": 0,
      "from": 4,
      "fromIndex": -1,
      "index": 3,
      "pad": 2,
      "side": 1,
      "to": 6,
      "toIndex": -1,
    },
    Object {
      "direction": 0,
      "from": 4,
      "fromIndex": -1,
      "index": 4,
      "pad": 2,
      "side": 1,
      "to": 6,
      "toIndex": -1,
    },
    Object {
      "direction": 0,
      "from": 4,
      "fromIndex": -1,
      "index": 5,
      "pad": 2,
      "side": 1,
      "to": 7,
      "toIndex": -1,
    },
    Object {
      "direction": 0,
      "from": 7,
      "fromIndex": -1,
      "index": 6,
      "pad": 2,
      "side": 1,
      "to": 8,
      "toIndex": -1,
    },
    Object {
      "direction": 0,
      "from": 8,
      "fromIndex": -1,
      "index": 7,
      "pad": 2,
      "side": 1,
      "to": 9,
      "toIndex": -1,
    },
    Object {
      "direction": 0,
      "from": 4,
      "fromIndex": -1,
      "index": 8,
      "pad": 2,
      "side": 1,
      "to": 9,
      "toIndex": -1,
    },
    Object {
      "direction": 0,
      "from": 9,
      "fromIndex": -1,
      "index": 9,
      "pad": 2,
      "side": 1,
      "to": 10,
      "toIndex": -1,
    },
    Object {
      "direction": 0,
      "from": 9,
      "fromIndex": -1,
      "index": 10,
      "pad": 2,
      "side": 1,
      "to": 11,
      "toIndex": -1,
    },
    Object {
      "direction": 0,
      "from": 11,
      "fromIndex": -1,
      "index": 11,
      "pad": 2,
      "side": 1,
      "to": 12,
      "toIndex": -1,
    },
    Object {
      "direction": 0,
      "from": 11,
      "fromIndex": -1,
      "index": 12,
      "pad": 2,
      "side": 1,
      "to": 13,
      "toIndex": -1,
    },
    Object {
      "direction": 0,
      "from": 11,
      "fromIndex": -1,
      "index": 13,
      "pad": 2,
      "side": 1,
      "to": 14,
      "toIndex": -1,
    },
    Object {
      "direction": 0,
      "from": 11,
      "fromIndex": -1,
      "index": 14,
      "pad": 2,
      "side": 1,
      "to": 15,
      "toIndex": -1,
    },
    Object {
      "direction": 0,
      "from": 11,
      "fromIndex": -1,
      "index": 15,
      "pad": 2,
      "side": 1,
      "to": 16,
      "toIndex": -1,
    },
    Object {
      "direction": 0,
      "from": 12,
      "fromIndex": -1,
      "index": 16,
      "pad": 2,
      "side": 1,
      "to": 17,
      "toIndex": -1,
    },
    Object {
      "direction": 0,
      "from": 13,
      "fromIndex": -1,
      "index": 17,
      "pad": 2,
      "side": 1,
      "to": 19,
      "toIndex": -1,
    },
    Object {
      "direction": 0,
      "from": 2,
      "fromIndex": -1,
      "index": 18,
      "pad": 2,
      "side": 1,
      "to": 5,
      "toIndex": -1,
    },
    Object {
      "direction": 0,
      "from": 3,
      "fromIndex": -1,
      "index": 19,
      "pad": 2,
      "side": 1,
      "to": 7,
      "toIndex": -1,
    },
    Object {
      "direction": 0,
      "from": 3,
      "fromIndex": -1,
      "index": 20,
      "pad": 2,
      "side": 1,
      "to": 8,
      "toIndex": -1,
    },
    Object {
      "direction": 0,
      "from": 7,
      "fromIndex": -1,
      "index": 21,
      "pad": 2,
      "side": 1,
      "to": 8,
      "toIndex": -1,
    },
    Object {
      "direction": 0,
      "from": 5,
      "fromIndex": -1,
      "index": 22,
      "pad": 2,
      "side": 1,
      "to": 8,
      "toIndex": -1,
    },
    Object {
      "direction": 0,
      "from": 6,
      "fromIndex": -1,
      "index": 23,
      "pad": 2,
      "side": 1,
      "to": 8,
      "toIndex": -1,
    },
    Object {
      "direction": 0,
      "from": 1,
      "fromIndex": -1,
      "index": 24,
      "pad": 2,
      "side": 1,
      "to": 9,
      "toIndex": -1,
    },
    Object {
      "direction": 0,
      "from": 2,
      "fromIndex": -1,
      "index": 25,
      "pad": 2,
      "side": 1,
      "to": 9,
      "toIndex": -1,
    },
    Object {
      "direction": 0,
      "from": 1,
      "fromIndex": -1,
      "index": 26,
      "pad": 2,
      "side": 1,
      "to": 8,
      "toIndex": -1,
    },
  ],
  "padRange": 4,
  "padSizeLeft": 2,
  "padSizeRight": 2,
}
`;
